[2025-12-16 17:34:02][INFO] [Job:20251216-173402-8205] START True
[2025-12-16 17:34:02][INFO] [Job:20251216-173402-8205] Starting batch 1: devices 1-4 of 4 (concurrency=10)
[2025-12-16 17:34:02][INFO] [Job:20251216-173402-8205] Waiting for batch 1 jobs to finish...
[2025-12-16 17:34:03][INFO] [Job:20251216-173402-8205] Starting deployment for R1
[2025-12-16 17:34:03][INFO] [Job:20251216-173402-8205] Starting deployment for R2
[2025-12-16 17:34:03][DEBUG] [Job:20251216-173402-8205] Building router commands for R1
[2025-12-16 17:34:03][INFO] [Job:20251216-173402-8205] Starting deployment for S1
[2025-12-16 17:34:03][DEBUG] [Job:20251216-173402-8205] Building router commands for R2
[2025-12-16 17:34:03][DEBUG] [Job:20251216-173402-8205] Building switch commands for S1
[2025-12-16 17:34:03][INFO] [Job:20251216-173402-8205] Starting deployment for S2
[2025-12-16 17:34:03][WARN] [Job:20251216-173402-8205] OSPF network entry missing fields on R1: 
Network  Area
-------  ----
10.0.0.0    0


[2025-12-16 17:34:03][WARN] [Job:20251216-173402-8205] OSPF network entry missing fields on R1: 
Network       Area
-------       ----
192.168.100.0    0


[2025-12-16 17:34:03][DEBUG] [Job:20251216-173402-8205] Building switch commands for S2
[2025-12-16 17:34:03][INFO] [Job:20251216-173402-8205] Backing up running-config for S1
[2025-12-16 17:34:03][INFO] [Job:20251216-173402-8205] DRY-RUN: would save backup to /Users/nilskelecom/Documents/NetDeploy/logs/backups/S1-20251216-173403.cfg
[2025-12-16 17:34:03][WARN] [Job:20251216-173402-8205] OSPF network entry missing fields on R2: 
Network  Area
-------  ----
10.0.1.0    0


[2025-12-16 17:34:03][INFO] [Job:20251216-173402-8205] Backup result: /Users/nilskelecom/Documents/NetDeploy/logs/backups/S1-20251216-173403.cfg
[2025-12-16 17:34:03][INFO] [Job:20251216-173402-8205] Backing up running-config for R1
[2025-12-16 17:34:03][WARN] [Job:20251216-173402-8205] OSPF network entry missing fields on R2: 
Network       Area
-------       ----
192.168.100.0    0


[2025-12-16 17:34:03][INFO] [Job:20251216-173402-8205] DRY-RUN: Commands for S1:
enable
configure terminal
no ip domain-lookup
hostname S1
vlan 1
 name Default
 exit
vlan 10
 name LAN1
 exit
vlan 20
 name LAN2
 exit
interface GigabitEthernet0/1
 switchport mode access
 switchport access vlan 10
 no shutdown
 exit
interface GigabitEthernet0/2
 switchport mode access
 switchport access vlan 10
 no shutdown
 exit
interface GigabitEthernet0/24
 switchport trunk encapsulation dot1q
 switchport mode trunk
 switchport trunk allowed vlan 10,20
 no shutdown
 exit
interface Vlan10
 ip address 10.0.0.254 255.255.255.0
 no shutdown
 exit
interface Vlan20
 ip address 10.0.1.254 255.255.255.0
 no shutdown
 exit
spanning-tree mode pvst
spanning-tree vlan 1 priority 32768
ip dhcp relay address 10.0.0.1
end
write memory
[2025-12-16 17:34:03][INFO] [Job:20251216-173402-8205] DRY-RUN: would save backup to /Users/nilskelecom/Documents/NetDeploy/logs/backups/R1-20251216-173403.cfg
[2025-12-16 17:34:03][INFO] [Job:20251216-173402-8205] Backup result: /Users/nilskelecom/Documents/NetDeploy/logs/backups/R1-20251216-173403.cfg
[2025-12-16 17:34:03][INFO] [Job:20251216-173402-8205] DRY-RUN: Commands for R1:
enable
configure terminal
no ip domain-lookup
hostname R1
interface GigabitEthernet0/0
 description LAN
 ip address 10.0.0.1 255.255.255.0
 no shutdown
 exit
interface GigabitEthernet0/1
 description WAN
 ip address 192.168.100.1 255.255.255.252
 no shutdown
 exit
router ospf 1
 exit
interface GigabitEthernet0/0
 ip nat inside
 exit
interface GigabitEthernet0/1
 ip nat outside
 exit
 ip nat inside source list 10 interface GigabitEthernet0/1 overload
ip dhcp excluded-address 10.0.0.1 10.0.0.2
ip dhcp pool LAN_POOL
 network 10.0.0.0 255.255.255.0
 default-router 10.0.0.1
 dns-server 10.0.0.1
 domain-name example.local
 exit
ip domain-name example.local
ip name-server 8.8.8.8
ip host host1 10.0.0.10
ip host host2 10.0.0.11
ip host host3 10.0.0.12
end
write memory
[2025-12-16 17:34:03][INFO] [Job:20251216-173402-8205] Backing up running-config for R2
[2025-12-16 17:34:03][INFO] [Job:20251216-173402-8205] DRY-RUN: would save backup to /Users/nilskelecom/Documents/NetDeploy/logs/backups/R2-20251216-173403.cfg
[2025-12-16 17:34:03][INFO] [Job:20251216-173402-8205] Backup result: /Users/nilskelecom/Documents/NetDeploy/logs/backups/R2-20251216-173403.cfg
[2025-12-16 17:34:03][INFO] [Job:20251216-173402-8205] DRY-RUN: Commands for R2:
enable
configure terminal
no ip domain-lookup
hostname R2
interface GigabitEthernet0/0
 description LAN
 ip address 10.0.1.1 255.255.255.0
 no shutdown
 exit
interface GigabitEthernet0/1
 description WAN
 ip address 192.168.100.2 255.255.255.252
 no shutdown
 exit
router ospf 1
 exit
end
write memory
[2025-12-16 17:34:03][INFO] [Job:20251216-173402-8205] Backing up running-config for S2
[2025-12-16 17:34:03][INFO] [Job:20251216-173402-8205] DRY-RUN: would save backup to /Users/nilskelecom/Documents/NetDeploy/logs/backups/S2-20251216-173403.cfg
[2025-12-16 17:34:03][INFO] [Job:20251216-173402-8205] Backup result: /Users/nilskelecom/Documents/NetDeploy/logs/backups/S2-20251216-173403.cfg
[2025-12-16 17:34:03][INFO] [Job:20251216-173402-8205] DRY-RUN: Commands for S2:
enable
configure terminal
no ip domain-lookup
hostname S2
vlan 1
 name Default
 exit
vlan 10
 name LAN1
 exit
interface GigabitEthernet0/1
 switchport mode access
 switchport access vlan 10
 no shutdown
 exit
interface GigabitEthernet0/24
 switchport trunk encapsulation dot1q
 switchport mode trunk
 switchport trunk allowed vlan 10
 no shutdown
 exit
interface Vlan10
 ip address 10.0.0.253 255.255.255.0
 no shutdown
 exit
spanning-tree mode pvst
spanning-tree vlan 1 priority 32768
ip dhcp relay address 10.0.0.1
end
write memory
[2025-12-16 17:34:03][INFO] [Job:20251216-173402-8205] END True
