[2025-12-14 16:13:11][INFO] Loading device files from /Users/nilskelecom/Documents/NetDeploy/configs/devices
[2025-12-14 16:13:11][INFO] Loading device configuration: /Users/nilskelecom/Documents/NetDeploy/configs/devices/PC1.psd1
[2025-12-14 16:13:11][INFO] Loading device configuration: /Users/nilskelecom/Documents/NetDeploy/configs/devices/PC2.psd1
[2025-12-14 16:13:11][INFO] Loading device configuration: /Users/nilskelecom/Documents/NetDeploy/configs/devices/PC3.psd1
[2025-12-14 16:13:11][INFO] Loading device configuration: /Users/nilskelecom/Documents/NetDeploy/configs/devices/PC4.psd1
[2025-12-14 16:13:11][INFO] Loading device configuration: /Users/nilskelecom/Documents/NetDeploy/configs/devices/PC5.psd1
[2025-12-14 16:13:11][INFO] Loading device configuration: /Users/nilskelecom/Documents/NetDeploy/configs/devices/R1.psd1
[2025-12-14 16:13:11][INFO] Loading device configuration: /Users/nilskelecom/Documents/NetDeploy/configs/devices/R2.psd1
[2025-12-14 16:13:11][INFO] Loading device configuration: /Users/nilskelecom/Documents/NetDeploy/configs/devices/S1.psd1
[2025-12-14 16:13:11][INFO] Loading device configuration: /Users/nilskelecom/Documents/NetDeploy/configs/devices/S2.psd1
[2025-12-14 16:13:11][INFO] Loading device configuration: /Users/nilskelecom/Documents/NetDeploy/configs/devices/S3.psd1
[2025-12-14 16:13:11][INFO] Loaded 10 device configurations
[2025-12-14 16:13:15][INFO] Validating device: R1
[2025-12-14 16:13:15][DEBUG] Validating router: R1
[2025-12-14 16:13:15][INFO] Router 'R1' validation OK
[2025-12-14 16:13:15][DEBUG] Validation complete: R1
[2025-12-14 16:13:15][INFO] Starting deployment for R1
[2025-12-14 16:13:15][DEBUG] Building router commands for R1
[2025-12-14 16:13:15][WARN] OSPF network entry missing fields on R1: 
Name                           Value
----                           -----
Network                        10.0.0.0
Area                           0


[2025-12-14 16:13:15][WARN] OSPF network entry missing fields on R1: 
Name                           Value
----                           -----
Network                        192.168.100.0
Area                           0


[2025-12-14 16:13:15][INFO] Backing up running-config for R1
[2025-12-14 16:13:15][INFO] DRY-RUN: would save backup to /Users/nilskelecom/Documents/NetDeploy/logs/backups/R1-20251214-161315.cfg
[2025-12-14 16:13:15][INFO] Backup result: /Users/nilskelecom/Documents/NetDeploy/logs/backups/R1-20251214-161315.cfg
[2025-12-14 16:13:15][INFO] DRY-RUN: Commands for R1:
enable
configure terminal
no ip domain-lookup
hostname R1
interface GigabitEthernet0/0
 description LAN
 ip address 10.0.0.1 255.255.255.0
 no shutdown
 exit
interface GigabitEthernet0/1
 description WAN
 ip address 192.168.100.1 255.255.255.252
 no shutdown
 exit
router ospf 1
 exit
interface GigabitEthernet0/0
 ip nat inside
 exit
interface GigabitEthernet0/1
 ip nat outside
 exit
 ip nat inside source list 10 interface GigabitEthernet0/1 overload
ip dhcp excluded-address 10.0.0.1 10.0.0.2
ip dhcp pool LAN_POOL
 network 10.0.0.0 255.255.255.0
 default-router 10.0.0.1
 dns-server 10.0.0.1
 domain-name example.local
 exit
ip domain-name example.local
ip name-server 8.8.8.8
ip host host1 10.0.0.10
ip host host2 10.0.0.11
ip host host3 10.0.0.12
end
write memory
[2025-12-14 16:21:13][INFO] Loading device files from /Users/nilskelecom/Documents/NetDeploy/configs/devices
[2025-12-14 16:21:13][INFO] Loading device configuration: /Users/nilskelecom/Documents/NetDeploy/configs/devices/PC1.psd1
[2025-12-14 16:21:13][INFO] Loading device configuration: /Users/nilskelecom/Documents/NetDeploy/configs/devices/PC2.psd1
[2025-12-14 16:21:13][INFO] Loading device configuration: /Users/nilskelecom/Documents/NetDeploy/configs/devices/PC3.psd1
[2025-12-14 16:21:13][INFO] Loading device configuration: /Users/nilskelecom/Documents/NetDeploy/configs/devices/PC4.psd1
[2025-12-14 16:21:13][INFO] Loading device configuration: /Users/nilskelecom/Documents/NetDeploy/configs/devices/PC5.psd1
[2025-12-14 16:21:13][INFO] Loading device configuration: /Users/nilskelecom/Documents/NetDeploy/configs/devices/R1.psd1
[2025-12-14 16:21:13][INFO] Loading device configuration: /Users/nilskelecom/Documents/NetDeploy/configs/devices/R2.psd1
[2025-12-14 16:21:13][INFO] Loading device configuration: /Users/nilskelecom/Documents/NetDeploy/configs/devices/S1.psd1
[2025-12-14 16:21:13][INFO] Loading device configuration: /Users/nilskelecom/Documents/NetDeploy/configs/devices/S2.psd1
[2025-12-14 16:21:13][INFO] Loading device configuration: /Users/nilskelecom/Documents/NetDeploy/configs/devices/S3.psd1
[2025-12-14 16:21:13][INFO] Loaded 10 device configurations
[2025-12-14 16:21:13][INFO] Validating device: R1
[2025-12-14 16:21:13][DEBUG] Validating router: R1
[2025-12-14 16:21:13][INFO] Router 'R1' validation OK
[2025-12-14 16:21:13][DEBUG] Validation complete: R1
[2025-12-14 16:21:13][INFO] Starting deployment for R1
[2025-12-14 16:21:13][DEBUG] Building router commands for R1
[2025-12-14 16:21:13][WARN] OSPF network entry missing fields on R1: 
Name                           Value
----                           -----
Area                           0
Network                        10.0.0.0


[2025-12-14 16:21:13][WARN] OSPF network entry missing fields on R1: 
Name                           Value
----                           -----
Area                           0
Network                        192.168.100.0


[2025-12-14 16:21:13][INFO] Backing up running-config for R1
[2025-12-14 16:21:13][INFO] DRY-RUN: would save backup to /Users/nilskelecom/Documents/NetDeploy/logs/backups/R1-20251214-162113.cfg
[2025-12-14 16:21:13][INFO] Backup result: /Users/nilskelecom/Documents/NetDeploy/logs/backups/R1-20251214-162113.cfg
[2025-12-14 16:21:13][INFO] DRY-RUN: Commands for R1:
enable
configure terminal
no ip domain-lookup
hostname R1
interface GigabitEthernet0/0
 description LAN
 ip address 10.0.0.1 255.255.255.0
 no shutdown
 exit
interface GigabitEthernet0/1
 description WAN
 ip address 192.168.100.1 255.255.255.252
 no shutdown
 exit
router ospf 1
 exit
interface GigabitEthernet0/0
 ip nat inside
 exit
interface GigabitEthernet0/1
 ip nat outside
 exit
 ip nat inside source list 10 interface GigabitEthernet0/1 overload
ip dhcp excluded-address 10.0.0.1 10.0.0.2
ip dhcp pool LAN_POOL
 network 10.0.0.0 255.255.255.0
 default-router 10.0.0.1
 dns-server 10.0.0.1
 domain-name example.local
 exit
ip domain-name example.local
ip name-server 8.8.8.8
ip host host1 10.0.0.10
ip host host2 10.0.0.11
ip host host3 10.0.0.12
end
write memory
[2025-12-14 16:30:14][INFO] Loading device files from /Users/nilskelecom/Documents/NetDeploy/configs/devices
[2025-12-14 16:30:14][INFO] Loading device configuration: /Users/nilskelecom/Documents/NetDeploy/configs/devices/PC1.psd1
[2025-12-14 16:30:14][INFO] Loading device configuration: /Users/nilskelecom/Documents/NetDeploy/configs/devices/PC2.psd1
[2025-12-14 16:30:14][INFO] Loading device configuration: /Users/nilskelecom/Documents/NetDeploy/configs/devices/PC3.psd1
[2025-12-14 16:30:14][INFO] Loading device configuration: /Users/nilskelecom/Documents/NetDeploy/configs/devices/PC4.psd1
[2025-12-14 16:30:14][INFO] Loading device configuration: /Users/nilskelecom/Documents/NetDeploy/configs/devices/PC5.psd1
[2025-12-14 16:30:14][INFO] Loading device configuration: /Users/nilskelecom/Documents/NetDeploy/configs/devices/R1.psd1
[2025-12-14 16:30:14][INFO] Loading device configuration: /Users/nilskelecom/Documents/NetDeploy/configs/devices/R2.psd1
[2025-12-14 16:30:14][INFO] Loading device configuration: /Users/nilskelecom/Documents/NetDeploy/configs/devices/S1.psd1
[2025-12-14 16:30:14][INFO] Loading device configuration: /Users/nilskelecom/Documents/NetDeploy/configs/devices/S2.psd1
[2025-12-14 16:30:14][INFO] Loading device configuration: /Users/nilskelecom/Documents/NetDeploy/configs/devices/S3.psd1
[2025-12-14 16:30:14][INFO] Loaded 10 device configurations
[2025-12-14 16:30:23][INFO] Validating device: R1
[2025-12-14 16:30:23][DEBUG] Validating router: R1
[2025-12-14 16:30:23][INFO] Router 'R1' validation OK
[2025-12-14 16:30:23][DEBUG] Validation complete: R1
[2025-12-14 16:30:23][INFO] Validating device: R2
[2025-12-14 16:30:23][DEBUG] Validating router: R2
[2025-12-14 16:30:23][INFO] Router 'R2' validation OK
[2025-12-14 16:30:23][DEBUG] Validation complete: R2
[2025-12-14 16:30:23][INFO] Validating device: S1
[2025-12-14 16:30:23][DEBUG] Validating switch: S1
[2025-12-14 16:30:23][INFO] Switch 'S1' validation OK
[2025-12-14 16:30:23][DEBUG] Validation complete: S1
[2025-12-14 16:30:23][INFO] Validating device: S2
[2025-12-14 16:30:23][DEBUG] Validating switch: S2
[2025-12-14 16:30:23][INFO] Switch 'S2' validation OK
[2025-12-14 16:30:23][DEBUG] Validation complete: S2
[2025-12-14 16:30:23][INFO] Validating device: S3
[2025-12-14 16:30:23][DEBUG] Validating switch: S3
[2025-12-14 16:30:23][INFO] Switch 'S3' validation OK
[2025-12-14 16:30:23][DEBUG] Validation complete: S3
[2025-12-14 16:30:23][INFO] Validating device: PC1
[2025-12-14 16:30:23][DEBUG] Validating host: PC1
[2025-12-14 16:30:23][INFO] Host 'PC1' validation OK
[2025-12-14 16:30:23][DEBUG] Validation complete: PC1
[2025-12-14 16:30:23][INFO] Validating device: PC2
[2025-12-14 16:30:23][DEBUG] Validating host: PC2
[2025-12-14 16:30:23][INFO] Host 'PC2' validation OK
[2025-12-14 16:30:23][DEBUG] Validation complete: PC2
[2025-12-14 16:30:23][INFO] Validating device: PC3
[2025-12-14 16:30:23][DEBUG] Validating host: PC3
[2025-12-14 16:30:23][INFO] Host 'PC3' validation OK
[2025-12-14 16:30:23][DEBUG] Validation complete: PC3
[2025-12-14 16:30:23][INFO] Validating device: PC4
[2025-12-14 16:30:23][DEBUG] Validating host: PC4
[2025-12-14 16:30:23][INFO] Host 'PC4' validation OK
[2025-12-14 16:30:23][DEBUG] Validation complete: PC4
[2025-12-14 16:30:23][INFO] Validating device: PC5
[2025-12-14 16:30:23][DEBUG] Validating host: PC5
[2025-12-14 16:30:23][INFO] Host 'PC5' validation OK
[2025-12-14 16:30:23][DEBUG] Validation complete: PC5
[2025-12-14 16:30:23][INFO] All devices passed validation
[2025-12-14 16:30:23][INFO] Starting deployment for R1
[2025-12-14 16:30:23][DEBUG] Building router commands for R1
[2025-12-14 16:30:23][WARN] OSPF network entry missing fields on R1: 
Name                           Value
----                           -----
Area                           0
Network                        10.0.0.0


[2025-12-14 16:30:23][WARN] OSPF network entry missing fields on R1: 
Name                           Value
----                           -----
Area                           0
Network                        192.168.100.0


[2025-12-14 16:30:23][INFO] Backing up running-config for R1
[2025-12-14 16:30:23][INFO] Attempt 1: Connecting to 192.168.1.1 via SSH...
[2025-12-14 16:30:28][WARN] Host 192.168.1.1 is unreachable. Skipping...
[2025-12-14 16:30:28][WARN] Backup skipped: SSH connection failed for R1
[2025-12-14 16:30:28][ERROR] Backup failed for R1. Aborting deployment to avoid pushing without a backup.
[2025-12-14 16:30:28][INFO] Starting deployment for R2
[2025-12-14 16:30:28][DEBUG] Building router commands for R2
[2025-12-14 16:30:28][WARN] OSPF network entry missing fields on R2: 
Name                           Value
----                           -----
Area                           0
Network                        10.0.1.0


[2025-12-14 16:30:28][WARN] OSPF network entry missing fields on R2: 
Name                           Value
----                           -----
Area                           0
Network                        192.168.100.0


[2025-12-14 16:30:28][INFO] Backing up running-config for R2
[2025-12-14 16:30:28][INFO] Attempt 1: Connecting to 192.168.1.2 via SSH...
[2025-12-14 16:30:33][WARN] Host 192.168.1.2 is unreachable. Skipping...
[2025-12-14 16:30:33][WARN] Backup skipped: SSH connection failed for R2
[2025-12-14 16:30:33][ERROR] Backup failed for R2. Aborting deployment to avoid pushing without a backup.
[2025-12-14 16:30:33][INFO] Starting deployment for S1
[2025-12-14 16:30:33][DEBUG] Building switch commands for S1
[2025-12-14 16:30:33][INFO] Backing up running-config for S1
[2025-12-14 16:30:33][INFO] Attempt 1: Connecting to 192.168.1.11 via SSH...
[2025-12-14 16:30:38][WARN] Host 192.168.1.11 is unreachable. Skipping...
[2025-12-14 16:30:38][WARN] Backup skipped: SSH connection failed for S1
[2025-12-14 16:30:38][ERROR] Backup failed for S1. Aborting deployment to avoid pushing without a backup.
[2025-12-14 16:30:38][INFO] Starting deployment for S2
[2025-12-14 16:30:38][DEBUG] Building switch commands for S2
[2025-12-14 16:30:38][INFO] Backing up running-config for S2
[2025-12-14 16:30:38][INFO] Attempt 1: Connecting to 192.168.1.12 via SSH...
[2025-12-14 16:30:43][WARN] Host 192.168.1.12 is unreachable. Skipping...
[2025-12-14 16:30:43][WARN] Backup skipped: SSH connection failed for S2
[2025-12-14 16:30:43][ERROR] Backup failed for S2. Aborting deployment to avoid pushing without a backup.
[2025-12-14 16:30:43][INFO] Starting deployment for S3
[2025-12-14 16:30:43][DEBUG] Building switch commands for S3
[2025-12-14 16:30:43][INFO] Backing up running-config for S3
[2025-12-14 16:30:43][INFO] Attempt 1: Connecting to 192.168.1.13 via SSH...
[2025-12-14 16:30:48][WARN] Host 192.168.1.13 is unreachable. Skipping...
[2025-12-14 16:30:48][WARN] Backup skipped: SSH connection failed for S3
[2025-12-14 16:30:48][ERROR] Backup failed for S3. Aborting deployment to avoid pushing without a backup.
[2025-12-14 16:30:48][INFO] Starting deployment for PC1
[2025-12-14 16:30:48][DEBUG] Building host provisioning template for PC1
[2025-12-14 16:30:49][INFO] Backing up running-config for PC1
[2025-12-14 16:30:49][INFO] Attempt 1: Connecting to 10.0.0.10 via SSH...
[2025-12-14 16:30:54][WARN] Host 10.0.0.10 is unreachable. Skipping...
[2025-12-14 16:30:54][WARN] Backup skipped: SSH connection failed for PC1
[2025-12-14 16:30:54][ERROR] Backup failed for PC1. Aborting deployment to avoid pushing without a backup.
[2025-12-14 16:30:54][INFO] Starting deployment for PC2
[2025-12-14 16:30:54][DEBUG] Building host provisioning template for PC2
[2025-12-14 16:30:54][INFO] Backing up running-config for PC2
[2025-12-14 16:30:54][INFO] Attempt 1: Connecting to 10.0.0.11 via SSH...
[2025-12-14 16:30:59][WARN] Host 10.0.0.11 is unreachable. Skipping...
[2025-12-14 16:30:59][WARN] Backup skipped: SSH connection failed for PC2
[2025-12-14 16:30:59][ERROR] Backup failed for PC2. Aborting deployment to avoid pushing without a backup.
[2025-12-14 16:30:59][INFO] Starting deployment for PC3
[2025-12-14 16:30:59][DEBUG] Building host provisioning template for PC3
[2025-12-14 16:30:59][INFO] Backing up running-config for PC3
[2025-12-14 16:30:59][INFO] Attempt 1: Connecting to 10.0.0.12 via SSH...
[2025-12-14 16:31:04][WARN] Host 10.0.0.12 is unreachable. Skipping...
[2025-12-14 16:31:04][WARN] Backup skipped: SSH connection failed for PC3
[2025-12-14 16:31:04][ERROR] Backup failed for PC3. Aborting deployment to avoid pushing without a backup.
[2025-12-14 16:31:04][INFO] Starting deployment for PC4
[2025-12-14 16:31:04][DEBUG] Building host provisioning template for PC4
[2025-12-14 16:31:04][INFO] Backing up running-config for PC4
[2025-12-14 16:31:04][INFO] Attempt 1: Connecting to 10.0.1.10 via SSH...
[2025-12-14 16:31:09][WARN] Host 10.0.1.10 is unreachable. Skipping...
[2025-12-14 16:31:09][WARN] Backup skipped: SSH connection failed for PC4
[2025-12-14 16:31:09][ERROR] Backup failed for PC4. Aborting deployment to avoid pushing without a backup.
[2025-12-14 16:31:09][INFO] Starting deployment for PC5
[2025-12-14 16:31:09][DEBUG] Building host provisioning template for PC5
[2025-12-14 16:31:09][INFO] Backing up running-config for PC5
[2025-12-14 16:31:09][INFO] Attempt 1: Connecting to 10.0.1.11 via SSH...
[2025-12-14 16:31:14][WARN] Host 10.0.1.11 is unreachable. Skipping...
[2025-12-14 16:31:14][WARN] Backup skipped: SSH connection failed for PC5
[2025-12-14 16:31:14][ERROR] Backup failed for PC5. Aborting deployment to avoid pushing without a backup.
[2025-12-14 22:04:28][INFO] Loading device files from /Users/nilskelecom/Documents/NetDeploy/configs/devices
[2025-12-14 22:04:28][INFO] Loading device configuration: /Users/nilskelecom/Documents/NetDeploy/configs/devices/PC1.psd1
[2025-12-14 22:04:28][INFO] Loading device configuration: /Users/nilskelecom/Documents/NetDeploy/configs/devices/PC2.psd1
[2025-12-14 22:04:28][INFO] Loading device configuration: /Users/nilskelecom/Documents/NetDeploy/configs/devices/PC3.psd1
[2025-12-14 22:04:28][INFO] Loading device configuration: /Users/nilskelecom/Documents/NetDeploy/configs/devices/PC4.psd1
[2025-12-14 22:04:28][INFO] Loading device configuration: /Users/nilskelecom/Documents/NetDeploy/configs/devices/PC5.psd1
[2025-12-14 22:04:28][INFO] Loading device configuration: /Users/nilskelecom/Documents/NetDeploy/configs/devices/R1.psd1
[2025-12-14 22:04:28][INFO] Loading device configuration: /Users/nilskelecom/Documents/NetDeploy/configs/devices/R2.psd1
[2025-12-14 22:04:28][INFO] Loading device configuration: /Users/nilskelecom/Documents/NetDeploy/configs/devices/S1.psd1
[2025-12-14 22:04:28][INFO] Loading device configuration: /Users/nilskelecom/Documents/NetDeploy/configs/devices/S2.psd1
[2025-12-14 22:04:28][INFO] Loading device configuration: /Users/nilskelecom/Documents/NetDeploy/configs/devices/S3.psd1
[2025-12-14 22:04:28][INFO] Loaded 10 device configurations
[2025-12-14 22:04:59][INFO] Validating device: R1
[2025-12-14 22:04:59][DEBUG] Validating router: R1
[2025-12-14 22:04:59][INFO] Router 'R1' validation OK
[2025-12-14 22:04:59][DEBUG] Validation complete: R1
[2025-12-14 22:04:59][INFO] Validating device: R2
[2025-12-14 22:04:59][DEBUG] Validating router: R2
[2025-12-14 22:04:59][INFO] Router 'R2' validation OK
[2025-12-14 22:04:59][DEBUG] Validation complete: R2
[2025-12-14 22:04:59][INFO] Validating device: S1
[2025-12-14 22:04:59][DEBUG] Validating switch: S1
[2025-12-14 22:04:59][INFO] Switch 'S1' validation OK
[2025-12-14 22:04:59][DEBUG] Validation complete: S1
[2025-12-14 22:04:59][INFO] Validating device: S2
[2025-12-14 22:04:59][DEBUG] Validating switch: S2
[2025-12-14 22:04:59][INFO] Switch 'S2' validation OK
[2025-12-14 22:04:59][DEBUG] Validation complete: S2
[2025-12-14 22:04:59][INFO] Validating device: S3
[2025-12-14 22:04:59][DEBUG] Validating switch: S3
[2025-12-14 22:04:59][INFO] Switch 'S3' validation OK
[2025-12-14 22:04:59][DEBUG] Validation complete: S3
[2025-12-14 22:04:59][INFO] Validating device: PC1
[2025-12-14 22:04:59][DEBUG] Validating host: PC1
[2025-12-14 22:04:59][INFO] Host 'PC1' validation OK
[2025-12-14 22:04:59][DEBUG] Validation complete: PC1
[2025-12-14 22:04:59][INFO] Validating device: PC2
[2025-12-14 22:04:59][DEBUG] Validating host: PC2
[2025-12-14 22:04:59][INFO] Host 'PC2' validation OK
[2025-12-14 22:04:59][DEBUG] Validation complete: PC2
[2025-12-14 22:04:59][INFO] Validating device: PC3
[2025-12-14 22:04:59][DEBUG] Validating host: PC3
[2025-12-14 22:04:59][INFO] Host 'PC3' validation OK
[2025-12-14 22:04:59][DEBUG] Validation complete: PC3
[2025-12-14 22:04:59][INFO] Validating device: PC4
[2025-12-14 22:04:59][DEBUG] Validating host: PC4
[2025-12-14 22:04:59][INFO] Host 'PC4' validation OK
[2025-12-14 22:04:59][DEBUG] Validation complete: PC4
[2025-12-14 22:04:59][INFO] Validating device: PC5
[2025-12-14 22:04:59][DEBUG] Validating host: PC5
[2025-12-14 22:04:59][INFO] Host 'PC5' validation OK
[2025-12-14 22:04:59][DEBUG] Validation complete: PC5
[2025-12-14 22:04:59][INFO] All devices passed validation
[2025-12-14 22:04:59][INFO] Starting deployment for R1
[2025-12-14 22:04:59][DEBUG] Building router commands for R1
[2025-12-14 22:04:59][WARN] OSPF network entry missing fields on R1: 
Name                           Value
----                           -----
Area                           0
Network                        10.0.0.0


[2025-12-14 22:04:59][WARN] OSPF network entry missing fields on R1: 
Name                           Value
----                           -----
Area                           0
Network                        192.168.100.0


[2025-12-14 22:04:59][INFO] Backing up running-config for R1
[2025-12-14 22:04:59][INFO] Attempt 1: Connecting to 192.168.1.1 via SSH...
[2025-12-14 22:04:59][ERROR] SSH connection error for 192.168.1.1: The term 'New-SSHSession' is not recognized as a name of a cmdlet, function, script file, or executable program.
Check the spelling of the name, or if a path was included, verify that the path is correct and try again.
[2025-12-14 22:05:01][INFO] Attempt 2: Connecting to 192.168.1.1 via SSH...
[2025-12-14 22:05:01][ERROR] SSH connection error for 192.168.1.1: The term 'New-SSHSession' is not recognized as a name of a cmdlet, function, script file, or executable program.
Check the spelling of the name, or if a path was included, verify that the path is correct and try again.
[2025-12-14 22:05:03][INFO] Attempt 3: Connecting to 192.168.1.1 via SSH...
[2025-12-14 22:05:03][ERROR] SSH connection error for 192.168.1.1: The term 'New-SSHSession' is not recognized as a name of a cmdlet, function, script file, or executable program.
Check the spelling of the name, or if a path was included, verify that the path is correct and try again.
[2025-12-14 22:05:05][ERROR] All SSH connection attempts failed for 192.168.1.1
[2025-12-14 22:05:05][WARN] Backup skipped: SSH connection failed for R1
[2025-12-14 22:05:05][ERROR] Backup failed for R1. Aborting deployment to avoid pushing without a backup.
[2025-12-14 22:05:05][INFO] Starting deployment for R2
[2025-12-14 22:05:05][DEBUG] Building router commands for R2
[2025-12-14 22:05:05][WARN] OSPF network entry missing fields on R2: 
Name                           Value
----                           -----
Area                           0
Network                        10.0.1.0


[2025-12-14 22:05:05][WARN] OSPF network entry missing fields on R2: 
Name                           Value
----                           -----
Area                           0
Network                        192.168.100.0


[2025-12-14 22:05:05][INFO] Backing up running-config for R2
[2025-12-14 22:05:05][INFO] Attempt 1: Connecting to 192.168.1.2 via SSH...
[2025-12-14 22:05:10][WARN] Host 192.168.1.2 is unreachable. Skipping...
[2025-12-14 22:05:10][WARN] Backup skipped: SSH connection failed for R2
[2025-12-14 22:05:10][ERROR] Backup failed for R2. Aborting deployment to avoid pushing without a backup.
[2025-12-14 22:05:10][INFO] Starting deployment for S1
[2025-12-14 22:05:10][DEBUG] Building switch commands for S1
[2025-12-14 22:05:10][INFO] Backing up running-config for S1
[2025-12-14 22:05:10][INFO] Attempt 1: Connecting to 192.168.1.11 via SSH...
[2025-12-14 22:05:16][WARN] Host 192.168.1.11 is unreachable. Skipping...
[2025-12-14 22:05:16][WARN] Backup skipped: SSH connection failed for S1
[2025-12-14 22:05:16][ERROR] Backup failed for S1. Aborting deployment to avoid pushing without a backup.
[2025-12-14 22:05:16][INFO] Starting deployment for S2
[2025-12-14 22:05:16][DEBUG] Building switch commands for S2
[2025-12-14 22:05:16][INFO] Backing up running-config for S2
[2025-12-14 22:05:16][INFO] Attempt 1: Connecting to 192.168.1.12 via SSH...
[2025-12-14 22:05:21][WARN] Host 192.168.1.12 is unreachable. Skipping...
[2025-12-14 22:05:21][WARN] Backup skipped: SSH connection failed for S2
[2025-12-14 22:05:21][ERROR] Backup failed for S2. Aborting deployment to avoid pushing without a backup.
[2025-12-14 22:05:21][INFO] Starting deployment for S3
[2025-12-14 22:05:21][DEBUG] Building switch commands for S3
[2025-12-14 22:05:21][INFO] Backing up running-config for S3
[2025-12-14 22:05:21][INFO] Attempt 1: Connecting to 192.168.1.13 via SSH...
[2025-12-14 22:05:26][WARN] Host 192.168.1.13 is unreachable. Skipping...
[2025-12-14 22:05:26][WARN] Backup skipped: SSH connection failed for S3
[2025-12-14 22:05:26][ERROR] Backup failed for S3. Aborting deployment to avoid pushing without a backup.
[2025-12-14 22:05:26][INFO] Starting deployment for PC1
[2025-12-14 22:05:26][DEBUG] Building host provisioning template for PC1
[2025-12-14 22:05:26][INFO] Backing up running-config for PC1
[2025-12-14 22:05:26][INFO] Attempt 1: Connecting to 10.0.0.10 via SSH...
[2025-12-14 22:05:31][WARN] Host 10.0.0.10 is unreachable. Skipping...
[2025-12-14 22:05:31][WARN] Backup skipped: SSH connection failed for PC1
[2025-12-14 22:05:31][ERROR] Backup failed for PC1. Aborting deployment to avoid pushing without a backup.
[2025-12-14 22:05:31][INFO] Starting deployment for PC2
[2025-12-14 22:05:31][DEBUG] Building host provisioning template for PC2
[2025-12-14 22:05:31][INFO] Backing up running-config for PC2
[2025-12-14 22:05:31][INFO] Attempt 1: Connecting to 10.0.0.11 via SSH...
[2025-12-14 22:05:36][WARN] Host 10.0.0.11 is unreachable. Skipping...
[2025-12-14 22:05:36][WARN] Backup skipped: SSH connection failed for PC2
[2025-12-14 22:05:36][ERROR] Backup failed for PC2. Aborting deployment to avoid pushing without a backup.
[2025-12-14 22:05:36][INFO] Starting deployment for PC3
[2025-12-14 22:05:36][DEBUG] Building host provisioning template for PC3
[2025-12-14 22:05:36][INFO] Backing up running-config for PC3
[2025-12-14 22:05:36][INFO] Attempt 1: Connecting to 10.0.0.12 via SSH...
[2025-12-14 22:05:41][WARN] Host 10.0.0.12 is unreachable. Skipping...
[2025-12-14 22:05:41][WARN] Backup skipped: SSH connection failed for PC3
[2025-12-14 22:05:41][ERROR] Backup failed for PC3. Aborting deployment to avoid pushing without a backup.
[2025-12-14 22:05:41][INFO] Starting deployment for PC4
[2025-12-14 22:05:41][DEBUG] Building host provisioning template for PC4
[2025-12-14 22:05:41][INFO] Backing up running-config for PC4
[2025-12-14 22:05:41][INFO] Attempt 1: Connecting to 10.0.1.10 via SSH...
[2025-12-14 22:05:46][WARN] Host 10.0.1.10 is unreachable. Skipping...
[2025-12-14 22:05:46][WARN] Backup skipped: SSH connection failed for PC4
[2025-12-14 22:05:46][ERROR] Backup failed for PC4. Aborting deployment to avoid pushing without a backup.
[2025-12-14 22:05:46][INFO] Starting deployment for PC5
[2025-12-14 22:05:46][DEBUG] Building host provisioning template for PC5
[2025-12-14 22:05:46][INFO] Backing up running-config for PC5
[2025-12-14 22:05:46][INFO] Attempt 1: Connecting to 10.0.1.11 via SSH...
[2025-12-14 22:05:51][WARN] Host 10.0.1.11 is unreachable. Skipping...
[2025-12-14 22:05:51][WARN] Backup skipped: SSH connection failed for PC5
[2025-12-14 22:05:51][ERROR] Backup failed for PC5. Aborting deployment to avoid pushing without a backup.
[2025-12-14 22:07:36][INFO] Loading device files from /Users/nilskelecom/Documents/NetDeploy/configs/devices
[2025-12-14 22:07:36][INFO] Loading device configuration: /Users/nilskelecom/Documents/NetDeploy/configs/devices/PC1.psd1
[2025-12-14 22:07:36][INFO] Loading device configuration: /Users/nilskelecom/Documents/NetDeploy/configs/devices/PC2.psd1
[2025-12-14 22:07:36][INFO] Loading device configuration: /Users/nilskelecom/Documents/NetDeploy/configs/devices/PC3.psd1
[2025-12-14 22:07:36][INFO] Loading device configuration: /Users/nilskelecom/Documents/NetDeploy/configs/devices/PC4.psd1
[2025-12-14 22:07:36][INFO] Loading device configuration: /Users/nilskelecom/Documents/NetDeploy/configs/devices/PC5.psd1
[2025-12-14 22:07:36][INFO] Loading device configuration: /Users/nilskelecom/Documents/NetDeploy/configs/devices/R1.psd1
[2025-12-14 22:07:36][INFO] Loading device configuration: /Users/nilskelecom/Documents/NetDeploy/configs/devices/R2.psd1
[2025-12-14 22:07:36][INFO] Loading device configuration: /Users/nilskelecom/Documents/NetDeploy/configs/devices/S1.psd1
[2025-12-14 22:07:36][INFO] Loading device configuration: /Users/nilskelecom/Documents/NetDeploy/configs/devices/S2.psd1
[2025-12-14 22:07:36][INFO] Loading device configuration: /Users/nilskelecom/Documents/NetDeploy/configs/devices/S3.psd1
[2025-12-14 22:07:36][INFO] Loaded 10 device configurations
[2025-12-14 22:07:36][INFO] Validating device: R1
[2025-12-14 22:07:36][DEBUG] Validating router: R1
[2025-12-14 22:07:36][INFO] Router 'R1' validation OK
[2025-12-14 22:07:36][DEBUG] Validation complete: R1
[2025-12-14 22:07:36][INFO] Starting deployment for R1
[2025-12-14 22:07:36][DEBUG] Building router commands for R1
[2025-12-14 22:07:36][WARN] OSPF network entry missing fields on R1: 
Name                           Value
----                           -----
Area                           0
Network                        10.0.0.0


[2025-12-14 22:07:36][WARN] OSPF network entry missing fields on R1: 
Name                           Value
----                           -----
Area                           0
Network                        192.168.100.0


[2025-12-14 22:07:36][INFO] Backing up running-config for R1
[2025-12-14 22:07:36][INFO] DRY-RUN: would save backup to /Users/nilskelecom/Documents/NetDeploy/logs/backups/R1-20251214-220736.cfg
[2025-12-14 22:07:36][INFO] Backup result: /Users/nilskelecom/Documents/NetDeploy/logs/backups/R1-20251214-220736.cfg
[2025-12-14 22:07:36][INFO] DRY-RUN: Commands for R1:
enable
configure terminal
no ip domain-lookup
hostname R1
interface GigabitEthernet0/0
 description LAN
 ip address 10.0.0.1 255.255.255.0
 no shutdown
 exit
interface GigabitEthernet0/1
 description WAN
 ip address 192.168.100.1 255.255.255.252
 no shutdown
 exit
router ospf 1
 exit
interface GigabitEthernet0/0
 ip nat inside
 exit
interface GigabitEthernet0/1
 ip nat outside
 exit
 ip nat inside source list 10 interface GigabitEthernet0/1 overload
ip dhcp excluded-address 10.0.0.1 10.0.0.2
ip dhcp pool LAN_POOL
 network 10.0.0.0 255.255.255.0
 default-router 10.0.0.1
 dns-server 10.0.0.1
 domain-name example.local
 exit
ip domain-name example.local
ip name-server 8.8.8.8
ip host host1 10.0.0.10
ip host host2 10.0.0.11
ip host host3 10.0.0.12
end
write memory
