[2025-12-13 14:11:23][INFO] Loading device files from /Users/nilskelecom/Documents/NetDeploy/configs/devices
[2025-12-13 14:11:23][INFO] Loading device configuration: /Users/nilskelecom/Documents/NetDeploy/configs/devices/PC1.psd1
[2025-12-13 14:11:23][INFO] Loading device configuration: /Users/nilskelecom/Documents/NetDeploy/configs/devices/PC2.psd1
[2025-12-13 14:11:23][INFO] Loading device configuration: /Users/nilskelecom/Documents/NetDeploy/configs/devices/PC3.psd1
[2025-12-13 14:11:23][INFO] Loading device configuration: /Users/nilskelecom/Documents/NetDeploy/configs/devices/PC4.psd1
[2025-12-13 14:11:23][INFO] Loading device configuration: /Users/nilskelecom/Documents/NetDeploy/configs/devices/PC5.psd1
[2025-12-13 14:11:23][INFO] Loading device configuration: /Users/nilskelecom/Documents/NetDeploy/configs/devices/R1.psd1
[2025-12-13 14:11:23][INFO] Loading device configuration: /Users/nilskelecom/Documents/NetDeploy/configs/devices/R2.psd1
[2025-12-13 14:11:23][INFO] Loading device configuration: /Users/nilskelecom/Documents/NetDeploy/configs/devices/S1.psd1
[2025-12-13 14:11:23][INFO] Loading device configuration: /Users/nilskelecom/Documents/NetDeploy/configs/devices/S2.psd1
[2025-12-13 14:11:23][INFO] Loading device configuration: /Users/nilskelecom/Documents/NetDeploy/configs/devices/S3.psd1
[2025-12-13 14:11:23][INFO] Loaded 10 device configurations
[2025-12-13 14:13:56][INFO] Loading device files from /Users/nilskelecom/Documents/NetDeploy/configs/devices
[2025-12-13 14:13:56][INFO] Loading device configuration: /Users/nilskelecom/Documents/NetDeploy/configs/devices/PC1.psd1
[2025-12-13 14:13:56][INFO] Loading device configuration: /Users/nilskelecom/Documents/NetDeploy/configs/devices/PC2.psd1
[2025-12-13 14:13:56][INFO] Loading device configuration: /Users/nilskelecom/Documents/NetDeploy/configs/devices/PC3.psd1
[2025-12-13 14:13:56][INFO] Loading device configuration: /Users/nilskelecom/Documents/NetDeploy/configs/devices/PC4.psd1
[2025-12-13 14:13:56][INFO] Loading device configuration: /Users/nilskelecom/Documents/NetDeploy/configs/devices/PC5.psd1
[2025-12-13 14:13:56][INFO] Loading device configuration: /Users/nilskelecom/Documents/NetDeploy/configs/devices/R1.psd1
[2025-12-13 14:13:56][INFO] Loading device configuration: /Users/nilskelecom/Documents/NetDeploy/configs/devices/R2.psd1
[2025-12-13 14:13:56][INFO] Loading device configuration: /Users/nilskelecom/Documents/NetDeploy/configs/devices/S1.psd1
[2025-12-13 14:13:56][INFO] Loading device configuration: /Users/nilskelecom/Documents/NetDeploy/configs/devices/S2.psd1
[2025-12-13 14:13:56][INFO] Loading device configuration: /Users/nilskelecom/Documents/NetDeploy/configs/devices/S3.psd1
[2025-12-13 14:13:56][INFO] Loaded 10 device configurations
[2025-12-13 14:14:05][INFO] Validating device: R1
[2025-12-13 14:14:05][DEBUG] Validating router: R1
[2025-12-13 14:17:30][INFO] Loading device files from /Users/nilskelecom/Documents/NetDeploy/configs/devices
[2025-12-13 14:17:30][INFO] Loading device configuration: /Users/nilskelecom/Documents/NetDeploy/configs/devices/PC1.psd1
[2025-12-13 14:17:30][INFO] Loading device configuration: /Users/nilskelecom/Documents/NetDeploy/configs/devices/PC2.psd1
[2025-12-13 14:17:30][INFO] Loading device configuration: /Users/nilskelecom/Documents/NetDeploy/configs/devices/PC3.psd1
[2025-12-13 14:17:30][INFO] Loading device configuration: /Users/nilskelecom/Documents/NetDeploy/configs/devices/PC4.psd1
[2025-12-13 14:17:30][INFO] Loading device configuration: /Users/nilskelecom/Documents/NetDeploy/configs/devices/PC5.psd1
[2025-12-13 14:17:30][INFO] Loading device configuration: /Users/nilskelecom/Documents/NetDeploy/configs/devices/R1.psd1
[2025-12-13 14:17:30][INFO] Loading device configuration: /Users/nilskelecom/Documents/NetDeploy/configs/devices/R2.psd1
[2025-12-13 14:17:30][INFO] Loading device configuration: /Users/nilskelecom/Documents/NetDeploy/configs/devices/S1.psd1
[2025-12-13 14:17:30][INFO] Loading device configuration: /Users/nilskelecom/Documents/NetDeploy/configs/devices/S2.psd1
[2025-12-13 14:17:30][INFO] Loading device configuration: /Users/nilskelecom/Documents/NetDeploy/configs/devices/S3.psd1
[2025-12-13 14:17:30][INFO] Loaded 10 device configurations
[2025-12-13 14:17:30][INFO] Loading device files from /Users/nilskelecom/Documents/NetDeploy/configs/devices
[2025-12-13 14:17:30][INFO] Loading device configuration: /Users/nilskelecom/Documents/NetDeploy/configs/devices/PC1.psd1
[2025-12-13 14:17:30][INFO] Loading device configuration: /Users/nilskelecom/Documents/NetDeploy/configs/devices/PC2.psd1
[2025-12-13 14:17:30][INFO] Loading device configuration: /Users/nilskelecom/Documents/NetDeploy/configs/devices/PC3.psd1
[2025-12-13 14:17:30][INFO] Loading device configuration: /Users/nilskelecom/Documents/NetDeploy/configs/devices/PC4.psd1
[2025-12-13 14:17:30][INFO] Loading device configuration: /Users/nilskelecom/Documents/NetDeploy/configs/devices/PC5.psd1
[2025-12-13 14:17:30][INFO] Loading device configuration: /Users/nilskelecom/Documents/NetDeploy/configs/devices/R1.psd1
[2025-12-13 14:17:30][INFO] Loading device configuration: /Users/nilskelecom/Documents/NetDeploy/configs/devices/R2.psd1
[2025-12-13 14:17:30][INFO] Loading device configuration: /Users/nilskelecom/Documents/NetDeploy/configs/devices/S1.psd1
[2025-12-13 14:17:30][INFO] Loading device configuration: /Users/nilskelecom/Documents/NetDeploy/configs/devices/S2.psd1
[2025-12-13 14:17:30][INFO] Loading device configuration: /Users/nilskelecom/Documents/NetDeploy/configs/devices/S3.psd1
[2025-12-13 14:17:30][INFO] Loaded 10 device configurations
[2025-12-13 14:17:36][INFO] Validating device: PC4
[2025-12-13 14:26:50][INFO] Loading device files from /Users/nilskelecom/Documents/NetDeploy/configs/devices
[2025-12-13 14:26:50][INFO] Loading device configuration: /Users/nilskelecom/Documents/NetDeploy/configs/devices/PC1.psd1
[2025-12-13 14:26:50][INFO] Loading device configuration: /Users/nilskelecom/Documents/NetDeploy/configs/devices/PC2.psd1
[2025-12-13 14:26:50][INFO] Loading device configuration: /Users/nilskelecom/Documents/NetDeploy/configs/devices/PC3.psd1
[2025-12-13 14:26:50][INFO] Loading device configuration: /Users/nilskelecom/Documents/NetDeploy/configs/devices/PC4.psd1
[2025-12-13 14:26:50][INFO] Loading device configuration: /Users/nilskelecom/Documents/NetDeploy/configs/devices/PC5.psd1
[2025-12-13 14:26:50][INFO] Loading device configuration: /Users/nilskelecom/Documents/NetDeploy/configs/devices/R1.psd1
[2025-12-13 14:26:50][INFO] Loading device configuration: /Users/nilskelecom/Documents/NetDeploy/configs/devices/R2.psd1
[2025-12-13 14:26:50][INFO] Loading device configuration: /Users/nilskelecom/Documents/NetDeploy/configs/devices/S1.psd1
[2025-12-13 14:26:50][INFO] Loading device configuration: /Users/nilskelecom/Documents/NetDeploy/configs/devices/S2.psd1
[2025-12-13 14:26:50][INFO] Loading device configuration: /Users/nilskelecom/Documents/NetDeploy/configs/devices/S3.psd1
[2025-12-13 14:26:50][INFO] Loaded 10 device configurations
[2025-12-13 14:26:54][INFO] Validating device: R1
[2025-12-13 14:26:54][DEBUG] Validating router: R1
[2025-12-13 14:26:54][INFO] Validating device: R2
[2025-12-13 14:26:54][DEBUG] Validating router: R2
[2025-12-13 14:26:54][INFO] Router 'R2' validation OK
[2025-12-13 14:26:54][DEBUG] Validation complete: R2
[2025-12-13 14:26:54][INFO] Validating device: S1
[2025-12-13 14:26:54][DEBUG] Validating switch: S1
[2025-12-13 14:26:54][INFO] Switch 'S1' validation OK
[2025-12-13 14:26:54][DEBUG] Validation complete: S1
[2025-12-13 14:26:54][INFO] Validating device: S2
[2025-12-13 14:26:54][DEBUG] Validating switch: S2
[2025-12-13 14:26:54][INFO] Switch 'S2' validation OK
[2025-12-13 14:26:54][DEBUG] Validation complete: S2
[2025-12-13 14:26:54][INFO] Validating device: S3
[2025-12-13 14:26:54][DEBUG] Validating switch: S3
[2025-12-13 14:26:54][INFO] Switch 'S3' validation OK
[2025-12-13 14:26:54][DEBUG] Validation complete: S3
[2025-12-13 14:26:54][INFO] Validating device: PC1
[2025-12-13 14:26:54][INFO] Validating device: PC2
[2025-12-13 14:26:54][INFO] Validating device: PC3
[2025-12-13 14:26:54][INFO] Validating device: PC4
[2025-12-13 14:26:54][INFO] Validating device: PC5
[2025-12-13 14:28:57][INFO] Loading device files from /Users/nilskelecom/Documents/NetDeploy/configs/devices
[2025-12-13 14:28:57][INFO] Loading device configuration: /Users/nilskelecom/Documents/NetDeploy/configs/devices/PC1.psd1
[2025-12-13 14:28:57][INFO] Loading device configuration: /Users/nilskelecom/Documents/NetDeploy/configs/devices/PC2.psd1
[2025-12-13 14:28:57][INFO] Loading device configuration: /Users/nilskelecom/Documents/NetDeploy/configs/devices/PC3.psd1
[2025-12-13 14:28:57][INFO] Loading device configuration: /Users/nilskelecom/Documents/NetDeploy/configs/devices/PC4.psd1
[2025-12-13 14:28:57][INFO] Loading device configuration: /Users/nilskelecom/Documents/NetDeploy/configs/devices/PC5.psd1
[2025-12-13 14:28:57][INFO] Loading device configuration: /Users/nilskelecom/Documents/NetDeploy/configs/devices/R1.psd1
[2025-12-13 14:28:57][INFO] Loading device configuration: /Users/nilskelecom/Documents/NetDeploy/configs/devices/R2.psd1
[2025-12-13 14:28:57][INFO] Loading device configuration: /Users/nilskelecom/Documents/NetDeploy/configs/devices/S1.psd1
[2025-12-13 14:28:57][INFO] Loading device configuration: /Users/nilskelecom/Documents/NetDeploy/configs/devices/S2.psd1
[2025-12-13 14:28:57][INFO] Loading device configuration: /Users/nilskelecom/Documents/NetDeploy/configs/devices/S3.psd1
[2025-12-13 14:28:57][INFO] Loaded 10 device configurations
[2025-12-13 14:28:59][INFO] Validating device: R1
[2025-12-13 14:28:59][DEBUG] Validating router: R1
[2025-12-13 14:28:59][INFO] Validating device: R2
[2025-12-13 14:28:59][DEBUG] Validating router: R2
[2025-12-13 14:28:59][INFO] Router 'R2' validation OK
[2025-12-13 14:28:59][DEBUG] Validation complete: R2
[2025-12-13 14:28:59][INFO] Validating device: S1
[2025-12-13 14:28:59][DEBUG] Validating switch: S1
[2025-12-13 14:28:59][INFO] Switch 'S1' validation OK
[2025-12-13 14:28:59][DEBUG] Validation complete: S1
[2025-12-13 14:28:59][INFO] Validating device: S2
[2025-12-13 14:28:59][DEBUG] Validating switch: S2
[2025-12-13 14:28:59][INFO] Switch 'S2' validation OK
[2025-12-13 14:28:59][DEBUG] Validation complete: S2
[2025-12-13 14:28:59][INFO] Validating device: S3
[2025-12-13 14:28:59][DEBUG] Validating switch: S3
[2025-12-13 14:28:59][INFO] Switch 'S3' validation OK
[2025-12-13 14:28:59][DEBUG] Validation complete: S3
[2025-12-13 14:28:59][INFO] Validating device: PC1
[2025-12-13 14:28:59][DEBUG] Validating host: PC1
[2025-12-13 14:28:59][INFO] Host 'PC1' validation OK
[2025-12-13 14:28:59][DEBUG] Validation complete: PC1
[2025-12-13 14:28:59][INFO] Validating device: PC2
[2025-12-13 14:28:59][DEBUG] Validating host: PC2
[2025-12-13 14:28:59][INFO] Host 'PC2' validation OK
[2025-12-13 14:28:59][DEBUG] Validation complete: PC2
[2025-12-13 14:28:59][INFO] Validating device: PC3
[2025-12-13 14:28:59][DEBUG] Validating host: PC3
[2025-12-13 14:28:59][INFO] Host 'PC3' validation OK
[2025-12-13 14:28:59][DEBUG] Validation complete: PC3
[2025-12-13 14:28:59][INFO] Validating device: PC4
[2025-12-13 14:28:59][DEBUG] Validating host: PC4
[2025-12-13 14:28:59][INFO] Host 'PC4' validation OK
[2025-12-13 14:28:59][DEBUG] Validation complete: PC4
[2025-12-13 14:28:59][INFO] Validating device: PC5
[2025-12-13 14:28:59][DEBUG] Validating host: PC5
[2025-12-13 14:28:59][INFO] Host 'PC5' validation OK
[2025-12-13 14:28:59][DEBUG] Validation complete: PC5
[2025-12-13 14:30:42][INFO] Loading device files from /Users/nilskelecom/Documents/NetDeploy/configs/devices
[2025-12-13 14:30:42][INFO] Loading device configuration: /Users/nilskelecom/Documents/NetDeploy/configs/devices/PC1.psd1
[2025-12-13 14:30:42][INFO] Loading device configuration: /Users/nilskelecom/Documents/NetDeploy/configs/devices/PC2.psd1
[2025-12-13 14:30:42][INFO] Loading device configuration: /Users/nilskelecom/Documents/NetDeploy/configs/devices/PC3.psd1
[2025-12-13 14:30:42][INFO] Loading device configuration: /Users/nilskelecom/Documents/NetDeploy/configs/devices/PC4.psd1
[2025-12-13 14:30:42][INFO] Loading device configuration: /Users/nilskelecom/Documents/NetDeploy/configs/devices/PC5.psd1
[2025-12-13 14:30:42][INFO] Loading device configuration: /Users/nilskelecom/Documents/NetDeploy/configs/devices/R1.psd1
[2025-12-13 14:30:42][INFO] Loading device configuration: /Users/nilskelecom/Documents/NetDeploy/configs/devices/R2.psd1
[2025-12-13 14:30:42][INFO] Loading device configuration: /Users/nilskelecom/Documents/NetDeploy/configs/devices/S1.psd1
[2025-12-13 14:30:42][INFO] Loading device configuration: /Users/nilskelecom/Documents/NetDeploy/configs/devices/S2.psd1
[2025-12-13 14:30:42][INFO] Loading device configuration: /Users/nilskelecom/Documents/NetDeploy/configs/devices/S3.psd1
[2025-12-13 14:30:42][INFO] Loaded 10 device configurations
[2025-12-13 14:30:43][INFO] Validating device: R1
[2025-12-13 14:30:43][DEBUG] Validating router: R1
[2025-12-13 14:30:43][INFO] Router 'R1' validation OK
[2025-12-13 14:30:43][DEBUG] Validation complete: R1
[2025-12-13 14:30:43][INFO] Validating device: R2
[2025-12-13 14:30:43][DEBUG] Validating router: R2
[2025-12-13 14:30:43][INFO] Router 'R2' validation OK
[2025-12-13 14:30:43][DEBUG] Validation complete: R2
[2025-12-13 14:30:43][INFO] Validating device: S1
[2025-12-13 14:30:43][DEBUG] Validating switch: S1
[2025-12-13 14:30:43][INFO] Switch 'S1' validation OK
[2025-12-13 14:30:43][DEBUG] Validation complete: S1
[2025-12-13 14:30:43][INFO] Validating device: S2
[2025-12-13 14:30:43][DEBUG] Validating switch: S2
[2025-12-13 14:30:43][INFO] Switch 'S2' validation OK
[2025-12-13 14:30:43][DEBUG] Validation complete: S2
[2025-12-13 14:30:43][INFO] Validating device: S3
[2025-12-13 14:30:43][DEBUG] Validating switch: S3
[2025-12-13 14:30:43][INFO] Switch 'S3' validation OK
[2025-12-13 14:30:43][DEBUG] Validation complete: S3
[2025-12-13 14:30:43][INFO] Validating device: PC1
[2025-12-13 14:30:43][DEBUG] Validating host: PC1
[2025-12-13 14:30:43][INFO] Host 'PC1' validation OK
[2025-12-13 14:30:43][DEBUG] Validation complete: PC1
[2025-12-13 14:30:43][INFO] Validating device: PC2
[2025-12-13 14:30:43][DEBUG] Validating host: PC2
[2025-12-13 14:30:43][INFO] Host 'PC2' validation OK
[2025-12-13 14:30:43][DEBUG] Validation complete: PC2
[2025-12-13 14:30:43][INFO] Validating device: PC3
[2025-12-13 14:30:43][DEBUG] Validating host: PC3
[2025-12-13 14:30:43][INFO] Host 'PC3' validation OK
[2025-12-13 14:30:43][DEBUG] Validation complete: PC3
[2025-12-13 14:30:43][INFO] Validating device: PC4
[2025-12-13 14:30:43][DEBUG] Validating host: PC4
[2025-12-13 14:30:43][INFO] Host 'PC4' validation OK
[2025-12-13 14:30:43][DEBUG] Validation complete: PC4
[2025-12-13 14:30:43][INFO] Validating device: PC5
[2025-12-13 14:30:43][DEBUG] Validating host: PC5
[2025-12-13 14:30:43][INFO] Host 'PC5' validation OK
[2025-12-13 14:30:43][DEBUG] Validation complete: PC5
[2025-12-13 14:45:32][INFO] Loading device files from /Users/nilskelecom/Documents/NetDeploy/configs/devices
[2025-12-13 14:45:32][INFO] Loading device configuration: /Users/nilskelecom/Documents/NetDeploy/configs/devices/PC1.psd1
[2025-12-13 14:45:32][INFO] Loading device configuration: /Users/nilskelecom/Documents/NetDeploy/configs/devices/PC2.psd1
[2025-12-13 14:45:32][INFO] Loading device configuration: /Users/nilskelecom/Documents/NetDeploy/configs/devices/PC3.psd1
[2025-12-13 14:45:32][INFO] Loading device configuration: /Users/nilskelecom/Documents/NetDeploy/configs/devices/PC4.psd1
[2025-12-13 14:45:32][INFO] Loading device configuration: /Users/nilskelecom/Documents/NetDeploy/configs/devices/PC5.psd1
[2025-12-13 14:45:32][INFO] Loading device configuration: /Users/nilskelecom/Documents/NetDeploy/configs/devices/R1.psd1
[2025-12-13 14:45:32][INFO] Loading device configuration: /Users/nilskelecom/Documents/NetDeploy/configs/devices/R2.psd1
[2025-12-13 14:45:32][INFO] Loading device configuration: /Users/nilskelecom/Documents/NetDeploy/configs/devices/S1.psd1
[2025-12-13 14:45:32][INFO] Loading device configuration: /Users/nilskelecom/Documents/NetDeploy/configs/devices/S2.psd1
[2025-12-13 14:45:32][INFO] Loading device configuration: /Users/nilskelecom/Documents/NetDeploy/configs/devices/S3.psd1
[2025-12-13 14:45:32][INFO] Loaded 10 device configurations
[2025-12-13 14:45:35][DEBUG] Building router commands for R1
[2025-12-13 14:45:35][WARN] OSPF network entry missing fields on R1: 
Name                           Value
----                           -----
Network                        10.0.0.0
Area                           0


[2025-12-13 14:45:35][WARN] OSPF network entry missing fields on R1: 
Name                           Value
----                           -----
Network                        192.168.100.0
Area                           0


[2025-12-13 14:50:05][INFO] Loading device files from /Users/nilskelecom/Documents/NetDeploy/configs/devices
[2025-12-13 14:50:05][INFO] Loading device configuration: /Users/nilskelecom/Documents/NetDeploy/configs/devices/PC1.psd1
[2025-12-13 14:50:05][INFO] Loading device configuration: /Users/nilskelecom/Documents/NetDeploy/configs/devices/PC2.psd1
[2025-12-13 14:50:05][INFO] Loading device configuration: /Users/nilskelecom/Documents/NetDeploy/configs/devices/PC3.psd1
[2025-12-13 14:50:05][INFO] Loading device configuration: /Users/nilskelecom/Documents/NetDeploy/configs/devices/PC4.psd1
[2025-12-13 14:50:05][INFO] Loading device configuration: /Users/nilskelecom/Documents/NetDeploy/configs/devices/PC5.psd1
[2025-12-13 14:50:05][INFO] Loading device configuration: /Users/nilskelecom/Documents/NetDeploy/configs/devices/R1.psd1
[2025-12-13 14:50:05][INFO] Loading device configuration: /Users/nilskelecom/Documents/NetDeploy/configs/devices/R2.psd1
[2025-12-13 14:50:05][INFO] Loading device configuration: /Users/nilskelecom/Documents/NetDeploy/configs/devices/S1.psd1
[2025-12-13 14:50:05][INFO] Loading device configuration: /Users/nilskelecom/Documents/NetDeploy/configs/devices/S2.psd1
[2025-12-13 14:50:05][INFO] Loading device configuration: /Users/nilskelecom/Documents/NetDeploy/configs/devices/S3.psd1
[2025-12-13 14:50:05][INFO] Loaded 10 device configurations
[2025-12-13 14:50:13][INFO] Validating device: R1
[2025-12-13 14:50:13][DEBUG] Validating router: R1
[2025-12-13 14:50:13][INFO] Router 'R1' validation OK
[2025-12-13 14:50:13][DEBUG] Validation complete: R1
[2025-12-13 14:50:13][INFO] Validating device: R2
[2025-12-13 14:50:13][DEBUG] Validating router: R2
[2025-12-13 14:50:13][INFO] Router 'R2' validation OK
[2025-12-13 14:50:13][DEBUG] Validation complete: R2
[2025-12-13 14:50:13][INFO] Validating device: S1
[2025-12-13 14:50:13][DEBUG] Validating switch: S1
[2025-12-13 14:50:13][INFO] Switch 'S1' validation OK
[2025-12-13 14:50:13][DEBUG] Validation complete: S1
[2025-12-13 14:50:13][INFO] Validating device: S2
[2025-12-13 14:50:13][DEBUG] Validating switch: S2
[2025-12-13 14:50:13][INFO] Switch 'S2' validation OK
[2025-12-13 14:50:13][DEBUG] Validation complete: S2
[2025-12-13 14:50:13][INFO] Validating device: S3
[2025-12-13 14:50:13][DEBUG] Validating switch: S3
[2025-12-13 14:50:13][INFO] Switch 'S3' validation OK
[2025-12-13 14:50:13][DEBUG] Validation complete: S3
[2025-12-13 14:50:13][INFO] Validating device: PC1
[2025-12-13 14:50:13][DEBUG] Validating host: PC1
[2025-12-13 14:50:13][INFO] Host 'PC1' validation OK
[2025-12-13 14:50:13][DEBUG] Validation complete: PC1
[2025-12-13 14:50:13][INFO] Validating device: PC2
[2025-12-13 14:50:13][DEBUG] Validating host: PC2
[2025-12-13 14:50:13][INFO] Host 'PC2' validation OK
[2025-12-13 14:50:13][DEBUG] Validation complete: PC2
[2025-12-13 14:50:13][INFO] Validating device: PC3
[2025-12-13 14:50:13][DEBUG] Validating host: PC3
[2025-12-13 14:50:13][INFO] Host 'PC3' validation OK
[2025-12-13 14:50:13][DEBUG] Validation complete: PC3
[2025-12-13 14:50:13][INFO] Validating device: PC4
[2025-12-13 14:50:13][DEBUG] Validating host: PC4
[2025-12-13 14:50:13][INFO] Host 'PC4' validation OK
[2025-12-13 14:50:13][DEBUG] Validation complete: PC4
[2025-12-13 14:50:13][INFO] Validating device: PC5
[2025-12-13 14:50:13][DEBUG] Validating host: PC5
[2025-12-13 14:50:13][INFO] Host 'PC5' validation OK
[2025-12-13 14:50:13][DEBUG] Validation complete: PC5
[2025-12-13 14:50:13][INFO] All devices passed validation
[2025-12-13 14:50:13][INFO] Starting deployment for R1
[2025-12-13 14:50:13][DEBUG] Building router commands for R1
[2025-12-13 14:50:13][WARN] OSPF network entry missing fields on R1: 
Name                           Value
----                           -----
Area                           0
Network                        10.0.0.0


[2025-12-13 14:50:13][WARN] OSPF network entry missing fields on R1: 
Name                           Value
----                           -----
Area                           0
Network                        192.168.100.0


[2025-12-13 14:50:13][INFO] Attempt 1: Connecting to 192.168.1.1 via SSH...
[2025-12-13 14:50:13][ERROR] SSH connection error for 192.168.1.1: The term 'New-SSHSession' is not recognized as a name of a cmdlet, function, script file, or executable program.
Check the spelling of the name, or if a path was included, verify that the path is correct and try again.
[2025-12-13 14:50:15][INFO] Attempt 2: Connecting to 192.168.1.1 via SSH...
[2025-12-13 14:50:15][ERROR] SSH connection error for 192.168.1.1: The term 'New-SSHSession' is not recognized as a name of a cmdlet, function, script file, or executable program.
Check the spelling of the name, or if a path was included, verify that the path is correct and try again.
[2025-12-13 14:50:17][INFO] Attempt 3: Connecting to 192.168.1.1 via SSH...
[2025-12-13 14:50:17][ERROR] SSH connection error for 192.168.1.1: The term 'New-SSHSession' is not recognized as a name of a cmdlet, function, script file, or executable program.
Check the spelling of the name, or if a path was included, verify that the path is correct and try again.
[2025-12-13 14:50:19][ERROR] All SSH connection attempts failed for 192.168.1.1
[2025-12-13 14:50:19][WARN] Skipping R1 due to connection failure
[2025-12-13 14:50:19][INFO] Starting deployment for R2
[2025-12-13 14:50:19][DEBUG] Building router commands for R2
[2025-12-13 14:50:19][WARN] OSPF network entry missing fields on R2: 
Name                           Value
----                           -----
Area                           0
Network                        10.0.1.0


[2025-12-13 14:50:19][WARN] OSPF network entry missing fields on R2: 
Name                           Value
----                           -----
Area                           0
Network                        192.168.100.0


[2025-12-13 14:50:19][INFO] Attempt 1: Connecting to 192.168.1.2 via SSH...
[2025-12-13 14:50:24][WARN] Host 192.168.1.2 is unreachable. Skipping...
[2025-12-13 14:50:24][WARN] Skipping R2 due to connection failure
[2025-12-13 14:50:24][INFO] Starting deployment for S1
[2025-12-13 14:50:24][DEBUG] Building switch commands for S1
[2025-12-13 14:50:24][INFO] Attempt 1: Connecting to 192.168.1.11 via SSH...
[2025-12-13 14:50:29][WARN] Host 192.168.1.11 is unreachable. Skipping...
[2025-12-13 14:50:29][WARN] Skipping S1 due to connection failure
[2025-12-13 14:50:29][INFO] Starting deployment for S2
[2025-12-13 14:50:29][DEBUG] Building switch commands for S2
[2025-12-13 14:50:29][INFO] Attempt 1: Connecting to 192.168.1.12 via SSH...
[2025-12-13 14:50:34][WARN] Host 192.168.1.12 is unreachable. Skipping...
[2025-12-13 14:50:34][WARN] Skipping S2 due to connection failure
[2025-12-13 14:50:34][INFO] Starting deployment for S3
[2025-12-13 14:50:34][DEBUG] Building switch commands for S3
[2025-12-13 14:50:34][INFO] Attempt 1: Connecting to 192.168.1.13 via SSH...
[2025-12-13 14:50:39][WARN] Host 192.168.1.13 is unreachable. Skipping...
[2025-12-13 14:50:39][WARN] Skipping S3 due to connection failure
[2025-12-13 14:50:39][INFO] Starting deployment for PC1
[2025-12-13 14:50:39][DEBUG] Building host provisioning template for PC1
[2025-12-13 14:50:39][INFO] Attempt 1: Connecting to 10.0.0.10 via SSH...
[2025-12-13 14:50:44][WARN] Host 10.0.0.10 is unreachable. Skipping...
[2025-12-13 14:50:44][WARN] Skipping PC1 due to connection failure
[2025-12-13 14:50:44][INFO] Starting deployment for PC2
[2025-12-13 14:50:44][DEBUG] Building host provisioning template for PC2
[2025-12-13 14:50:44][INFO] Attempt 1: Connecting to 10.0.0.11 via SSH...
[2025-12-13 14:50:49][WARN] Host 10.0.0.11 is unreachable. Skipping...
[2025-12-13 14:50:49][WARN] Skipping PC2 due to connection failure
[2025-12-13 14:50:49][INFO] Starting deployment for PC3
[2025-12-13 14:50:49][DEBUG] Building host provisioning template for PC3
[2025-12-13 14:50:49][INFO] Attempt 1: Connecting to 10.0.0.12 via SSH...
[2025-12-13 14:50:54][WARN] Host 10.0.0.12 is unreachable. Skipping...
[2025-12-13 14:50:54][WARN] Skipping PC3 due to connection failure
[2025-12-13 14:50:54][INFO] Starting deployment for PC4
[2025-12-13 14:50:54][DEBUG] Building host provisioning template for PC4
[2025-12-13 14:50:54][INFO] Attempt 1: Connecting to 10.0.1.10 via SSH...
[2025-12-13 14:50:59][WARN] Host 10.0.1.10 is unreachable. Skipping...
[2025-12-13 14:50:59][WARN] Skipping PC4 due to connection failure
[2025-12-13 14:50:59][INFO] Starting deployment for PC5
[2025-12-13 14:50:59][DEBUG] Building host provisioning template for PC5
[2025-12-13 14:50:59][INFO] Attempt 1: Connecting to 10.0.1.11 via SSH...
[2025-12-13 14:51:04][WARN] Host 10.0.1.11 is unreachable. Skipping...
[2025-12-13 14:51:04][WARN] Skipping PC5 due to connection failure
[2025-12-13 14:58:00][INFO] Loading device files from /Users/nilskelecom/Documents/NetDeploy/configs/devices
[2025-12-13 14:58:00][INFO] Loading device configuration: /Users/nilskelecom/Documents/NetDeploy/configs/devices/PC1.psd1
[2025-12-13 14:58:00][INFO] Loading device configuration: /Users/nilskelecom/Documents/NetDeploy/configs/devices/PC2.psd1
[2025-12-13 14:58:00][INFO] Loading device configuration: /Users/nilskelecom/Documents/NetDeploy/configs/devices/PC3.psd1
[2025-12-13 14:58:00][INFO] Loading device configuration: /Users/nilskelecom/Documents/NetDeploy/configs/devices/PC4.psd1
[2025-12-13 14:58:00][INFO] Loading device configuration: /Users/nilskelecom/Documents/NetDeploy/configs/devices/PC5.psd1
[2025-12-13 14:58:00][INFO] Loading device configuration: /Users/nilskelecom/Documents/NetDeploy/configs/devices/R1.psd1
[2025-12-13 14:58:00][INFO] Loading device configuration: /Users/nilskelecom/Documents/NetDeploy/configs/devices/R2.psd1
[2025-12-13 14:58:00][INFO] Loading device configuration: /Users/nilskelecom/Documents/NetDeploy/configs/devices/S1.psd1
[2025-12-13 14:58:00][INFO] Loading device configuration: /Users/nilskelecom/Documents/NetDeploy/configs/devices/S2.psd1
[2025-12-13 14:58:00][INFO] Loading device configuration: /Users/nilskelecom/Documents/NetDeploy/configs/devices/S3.psd1
[2025-12-13 14:58:00][INFO] Loaded 10 device configurations
[2025-12-13 14:58:01][INFO] Validating device: R1
[2025-12-13 14:58:01][DEBUG] Validating router: R1
[2025-12-13 14:58:01][INFO] Router 'R1' validation OK
[2025-12-13 14:58:01][DEBUG] Validation complete: R1
[2025-12-13 14:58:01][INFO] Starting deployment for R1
[2025-12-13 14:58:01][DEBUG] Building router commands for R1
[2025-12-13 14:58:01][WARN] OSPF network entry missing fields on R1: 
Name                           Value
----                           -----
Network                        10.0.0.0
Area                           0


[2025-12-13 14:58:01][WARN] OSPF network entry missing fields on R1: 
Name                           Value
----                           -----
Network                        192.168.100.0
Area                           0


[2025-12-13 14:58:01][INFO] DRY-RUN: Commands for R1:
enable
configure terminal
no ip domain-lookup
hostname R1
interface GigabitEthernet0/0
 description LAN
 ip address 10.0.0.1 255.255.255.0
 no shutdown
 exit
interface GigabitEthernet0/1
 description WAN
 ip address 192.168.100.1 255.255.255.252
 no shutdown
 exit
router ospf 1
 exit
interface GigabitEthernet0/0
 ip nat inside
 exit
interface GigabitEthernet0/1
 ip nat outside
 exit
 ip nat inside source list 10 interface GigabitEthernet0/1 overload
ip dhcp excluded-address 10.0.0.1 10.0.0.2
ip dhcp pool LAN_POOL
 network 10.0.0.0 255.255.255.0
 default-router 10.0.0.1
 dns-server 10.0.0.1
 domain-name example.local
 exit
ip domain-name example.local
ip name-server 8.8.8.8
ip host host1 10.0.0.10
ip host host2 10.0.0.11
ip host host3 10.0.0.12
end
write memory
[2025-12-13 14:58:08][INFO] Loading device files from /Users/nilskelecom/Documents/NetDeploy/configs/devices
[2025-12-13 14:58:08][INFO] Loading device configuration: /Users/nilskelecom/Documents/NetDeploy/configs/devices/PC1.psd1
[2025-12-13 14:58:08][INFO] Loading device configuration: /Users/nilskelecom/Documents/NetDeploy/configs/devices/PC2.psd1
[2025-12-13 14:58:08][INFO] Loading device configuration: /Users/nilskelecom/Documents/NetDeploy/configs/devices/PC3.psd1
[2025-12-13 14:58:08][INFO] Loading device configuration: /Users/nilskelecom/Documents/NetDeploy/configs/devices/PC4.psd1
[2025-12-13 14:58:08][INFO] Loading device configuration: /Users/nilskelecom/Documents/NetDeploy/configs/devices/PC5.psd1
[2025-12-13 14:58:08][INFO] Loading device configuration: /Users/nilskelecom/Documents/NetDeploy/configs/devices/R1.psd1
[2025-12-13 14:58:08][INFO] Loading device configuration: /Users/nilskelecom/Documents/NetDeploy/configs/devices/R2.psd1
[2025-12-13 14:58:08][INFO] Loading device configuration: /Users/nilskelecom/Documents/NetDeploy/configs/devices/S1.psd1
[2025-12-13 14:58:08][INFO] Loading device configuration: /Users/nilskelecom/Documents/NetDeploy/configs/devices/S2.psd1
[2025-12-13 14:58:08][INFO] Loading device configuration: /Users/nilskelecom/Documents/NetDeploy/configs/devices/S3.psd1
[2025-12-13 14:58:08][INFO] Loaded 10 device configurations
[2025-12-13 14:58:09][INFO] Validating device: R1
[2025-12-13 14:58:09][DEBUG] Validating router: R1
[2025-12-13 14:58:09][INFO] Router 'R1' validation OK
[2025-12-13 14:58:09][DEBUG] Validation complete: R1
[2025-12-13 14:58:09][INFO] Validating device: R2
[2025-12-13 14:58:09][DEBUG] Validating router: R2
[2025-12-13 14:58:09][INFO] Router 'R2' validation OK
[2025-12-13 14:58:09][DEBUG] Validation complete: R2
[2025-12-13 14:58:09][INFO] Validating device: S1
[2025-12-13 14:58:09][DEBUG] Validating switch: S1
[2025-12-13 14:58:09][INFO] Switch 'S1' validation OK
[2025-12-13 14:58:09][DEBUG] Validation complete: S1
[2025-12-13 14:58:09][INFO] Validating device: S2
[2025-12-13 14:58:09][DEBUG] Validating switch: S2
[2025-12-13 14:58:09][INFO] Switch 'S2' validation OK
[2025-12-13 14:58:09][DEBUG] Validation complete: S2
[2025-12-13 14:58:09][INFO] Validating device: S3
[2025-12-13 14:58:09][DEBUG] Validating switch: S3
[2025-12-13 14:58:09][INFO] Switch 'S3' validation OK
[2025-12-13 14:58:09][DEBUG] Validation complete: S3
[2025-12-13 14:58:09][INFO] Validating device: PC1
[2025-12-13 14:58:09][DEBUG] Validating host: PC1
[2025-12-13 14:58:09][INFO] Host 'PC1' validation OK
[2025-12-13 14:58:09][DEBUG] Validation complete: PC1
[2025-12-13 14:58:09][INFO] Validating device: PC2
[2025-12-13 14:58:09][DEBUG] Validating host: PC2
[2025-12-13 14:58:09][INFO] Host 'PC2' validation OK
[2025-12-13 14:58:09][DEBUG] Validation complete: PC2
[2025-12-13 14:58:09][INFO] Validating device: PC3
[2025-12-13 14:58:09][DEBUG] Validating host: PC3
[2025-12-13 14:58:09][INFO] Host 'PC3' validation OK
[2025-12-13 14:58:09][DEBUG] Validation complete: PC3
[2025-12-13 14:58:09][INFO] Validating device: PC4
[2025-12-13 14:58:09][DEBUG] Validating host: PC4
[2025-12-13 14:58:09][INFO] Host 'PC4' validation OK
[2025-12-13 14:58:09][DEBUG] Validation complete: PC4
[2025-12-13 14:58:09][INFO] Validating device: PC5
[2025-12-13 14:58:09][DEBUG] Validating host: PC5
[2025-12-13 14:58:09][INFO] Host 'PC5' validation OK
[2025-12-13 14:58:09][DEBUG] Validation complete: PC5
[2025-12-13 14:58:09][INFO] All devices passed validation
[2025-12-13 14:58:09][INFO] Starting deployment for R1
[2025-12-13 14:58:09][DEBUG] Building router commands for R1
[2025-12-13 14:58:09][WARN] OSPF network entry missing fields on R1: 
Name                           Value
----                           -----
Network                        10.0.0.0
Area                           0


[2025-12-13 14:58:09][WARN] OSPF network entry missing fields on R1: 
Name                           Value
----                           -----
Network                        192.168.100.0
Area                           0


[2025-12-13 14:58:09][INFO] DRY-RUN: Commands for R1:
enable
configure terminal
no ip domain-lookup
hostname R1
interface GigabitEthernet0/0
 description LAN
 ip address 10.0.0.1 255.255.255.0
 no shutdown
 exit
interface GigabitEthernet0/1
 description WAN
 ip address 192.168.100.1 255.255.255.252
 no shutdown
 exit
router ospf 1
 exit
interface GigabitEthernet0/0
 ip nat inside
 exit
interface GigabitEthernet0/1
 ip nat outside
 exit
 ip nat inside source list 10 interface GigabitEthernet0/1 overload
ip dhcp excluded-address 10.0.0.1 10.0.0.2
ip dhcp pool LAN_POOL
 network 10.0.0.0 255.255.255.0
 default-router 10.0.0.1
 dns-server 10.0.0.1
 domain-name example.local
 exit
ip domain-name example.local
ip name-server 8.8.8.8
ip host host1 10.0.0.10
ip host host2 10.0.0.11
ip host host3 10.0.0.12
end
write memory
[2025-12-13 14:58:09][INFO] Starting deployment for R2
[2025-12-13 14:58:09][DEBUG] Building router commands for R2
[2025-12-13 14:58:09][WARN] OSPF network entry missing fields on R2: 
Name                           Value
----                           -----
Network                        10.0.1.0
Area                           0


[2025-12-13 14:58:09][WARN] OSPF network entry missing fields on R2: 
Name                           Value
----                           -----
Network                        192.168.100.0
Area                           0


[2025-12-13 14:58:09][INFO] DRY-RUN: Commands for R2:
enable
configure terminal
no ip domain-lookup
hostname R2
interface GigabitEthernet0/0
 description LAN
 ip address 10.0.1.1 255.255.255.0
 no shutdown
 exit
interface GigabitEthernet0/1
 description WAN
 ip address 192.168.100.2 255.255.255.252
 no shutdown
 exit
router ospf 1
 exit
end
write memory
[2025-12-13 14:58:09][INFO] Starting deployment for S1
[2025-12-13 14:58:09][DEBUG] Building switch commands for S1
[2025-12-13 14:58:09][INFO] DRY-RUN: Commands for S1:
enable
configure terminal
no ip domain-lookup
hostname S1
vlan 1
 name Default
 exit
vlan 10
 name LAN1
 exit
vlan 20
 name LAN2
 exit
interface GigabitEthernet0/1
 switchport mode access
 switchport access vlan 10
 no shutdown
 exit
interface GigabitEthernet0/2
 switchport mode access
 switchport access vlan 10
 no shutdown
 exit
interface GigabitEthernet0/24
 switchport trunk encapsulation dot1q
 switchport mode trunk
 switchport trunk allowed vlan 10,20
 no shutdown
 exit
interface Vlan10
 ip address 10.0.0.254 255.255.255.0
 no shutdown
 exit
interface Vlan20
 ip address 10.0.1.254 255.255.255.0
 no shutdown
 exit
spanning-tree mode pvst
spanning-tree vlan 1 priority 32768
ip dhcp relay address 10.0.0.1
end
write memory
[2025-12-13 14:58:09][INFO] Starting deployment for S2
[2025-12-13 14:58:09][DEBUG] Building switch commands for S2
[2025-12-13 14:58:09][INFO] DRY-RUN: Commands for S2:
enable
configure terminal
no ip domain-lookup
hostname S2
vlan 1
 name Default
 exit
vlan 10
 name LAN1
 exit
interface GigabitEthernet0/1
 switchport mode access
 switchport access vlan 10
 no shutdown
 exit
interface GigabitEthernet0/24
 switchport trunk encapsulation dot1q
 switchport mode trunk
 switchport trunk allowed vlan 10
 no shutdown
 exit
interface Vlan10
 ip address 10.0.0.253 255.255.255.0
 no shutdown
 exit
spanning-tree mode pvst
spanning-tree vlan 1 priority 32768
ip dhcp relay address 10.0.0.1
end
write memory
[2025-12-13 14:58:09][INFO] Starting deployment for S3
[2025-12-13 14:58:09][DEBUG] Building switch commands for S3
[2025-12-13 14:58:09][INFO] DRY-RUN: Commands for S3:
enable
configure terminal
no ip domain-lookup
hostname S3
vlan 1
 name Default
 exit
vlan 20
 name LAN2
 exit
interface GigabitEthernet0/1
 switchport mode access
 switchport access vlan 20
 no shutdown
 exit
interface GigabitEthernet0/2
 switchport mode access
 switchport access vlan 20
 no shutdown
 exit
interface GigabitEthernet0/24
 switchport trunk encapsulation dot1q
 switchport mode trunk
 switchport trunk allowed vlan 20
 no shutdown
 exit
interface Vlan20
 ip address 10.0.1.253 255.255.255.0
 no shutdown
 exit
spanning-tree mode pvst
spanning-tree vlan 1 priority 32768
ip dhcp relay address 10.0.0.1
end
write memory
[2025-12-13 14:58:09][INFO] Starting deployment for PC1
[2025-12-13 14:58:09][DEBUG] Building host provisioning template for PC1
[2025-12-13 14:58:09][INFO] DRY-RUN: Commands for PC1:
# Set static IP on host
sudo ip addr add 10.0.0.10/24 dev eth0
sudo ip route add default via 10.0.0.254
[2025-12-13 14:58:09][INFO] Starting deployment for PC2
[2025-12-13 14:58:09][DEBUG] Building host provisioning template for PC2
[2025-12-13 14:58:09][INFO] DRY-RUN: Commands for PC2:
# Set static IP on host
sudo ip addr add 10.0.0.11/24 dev eth0
sudo ip route add default via 10.0.0.254
[2025-12-13 14:58:09][INFO] Starting deployment for PC3
[2025-12-13 14:58:09][DEBUG] Building host provisioning template for PC3
[2025-12-13 14:58:09][INFO] DRY-RUN: Commands for PC3:
# Set static IP on host
sudo ip addr add 10.0.0.12/24 dev eth0
sudo ip route add default via 10.0.0.253
[2025-12-13 14:58:09][INFO] Starting deployment for PC4
[2025-12-13 14:58:09][DEBUG] Building host provisioning template for PC4
[2025-12-13 14:58:09][INFO] DRY-RUN: Commands for PC4:
# Set static IP on host
sudo ip addr add 10.0.1.10/24 dev eth0
sudo ip route add default via 10.0.1.253
[2025-12-13 14:58:09][INFO] Starting deployment for PC5
[2025-12-13 14:58:09][DEBUG] Building host provisioning template for PC5
[2025-12-13 14:58:09][INFO] DRY-RUN: Commands for PC5:
# Set static IP on host
sudo ip addr add 10.0.1.11/24 dev eth0
sudo ip route add default via 10.0.1.253
[2025-12-13 14:58:22][INFO] Loading device files from /Users/nilskelecom/Documents/NetDeploy/configs/devices
[2025-12-13 14:58:22][INFO] Loading device configuration: /Users/nilskelecom/Documents/NetDeploy/configs/devices/PC1.psd1
[2025-12-13 14:58:22][INFO] Loading device configuration: /Users/nilskelecom/Documents/NetDeploy/configs/devices/PC2.psd1
[2025-12-13 14:58:22][INFO] Loading device configuration: /Users/nilskelecom/Documents/NetDeploy/configs/devices/PC3.psd1
[2025-12-13 14:58:22][INFO] Loading device configuration: /Users/nilskelecom/Documents/NetDeploy/configs/devices/PC4.psd1
[2025-12-13 14:58:22][INFO] Loading device configuration: /Users/nilskelecom/Documents/NetDeploy/configs/devices/PC5.psd1
[2025-12-13 14:58:22][INFO] Loading device configuration: /Users/nilskelecom/Documents/NetDeploy/configs/devices/R1.psd1
[2025-12-13 14:58:22][INFO] Loading device configuration: /Users/nilskelecom/Documents/NetDeploy/configs/devices/R2.psd1
[2025-12-13 14:58:22][INFO] Loading device configuration: /Users/nilskelecom/Documents/NetDeploy/configs/devices/S1.psd1
[2025-12-13 14:58:22][INFO] Loading device configuration: /Users/nilskelecom/Documents/NetDeploy/configs/devices/S2.psd1
[2025-12-13 14:58:22][INFO] Loading device configuration: /Users/nilskelecom/Documents/NetDeploy/configs/devices/S3.psd1
[2025-12-13 14:58:22][INFO] Loaded 10 device configurations
[2025-12-13 14:58:30][INFO] Validating device: R1
[2025-12-13 14:58:30][DEBUG] Validating router: R1
[2025-12-13 14:58:30][INFO] Router 'R1' validation OK
[2025-12-13 14:58:30][DEBUG] Validation complete: R1
[2025-12-13 14:58:30][INFO] Validating device: R2
[2025-12-13 14:58:30][DEBUG] Validating router: R2
[2025-12-13 14:58:30][INFO] Router 'R2' validation OK
[2025-12-13 14:58:30][DEBUG] Validation complete: R2
[2025-12-13 14:58:30][INFO] Validating device: S1
[2025-12-13 14:58:30][DEBUG] Validating switch: S1
[2025-12-13 14:58:30][INFO] Switch 'S1' validation OK
[2025-12-13 14:58:30][DEBUG] Validation complete: S1
[2025-12-13 14:58:30][INFO] Validating device: S2
[2025-12-13 14:58:30][DEBUG] Validating switch: S2
[2025-12-13 14:58:30][INFO] Switch 'S2' validation OK
[2025-12-13 14:58:30][DEBUG] Validation complete: S2
[2025-12-13 14:58:30][INFO] Validating device: S3
[2025-12-13 14:58:30][DEBUG] Validating switch: S3
[2025-12-13 14:58:30][INFO] Switch 'S3' validation OK
[2025-12-13 14:58:30][DEBUG] Validation complete: S3
[2025-12-13 14:58:30][INFO] Validating device: PC1
[2025-12-13 14:58:30][DEBUG] Validating host: PC1
[2025-12-13 14:58:30][INFO] Host 'PC1' validation OK
[2025-12-13 14:58:30][DEBUG] Validation complete: PC1
[2025-12-13 14:58:30][INFO] Validating device: PC2
[2025-12-13 14:58:30][DEBUG] Validating host: PC2
[2025-12-13 14:58:30][INFO] Host 'PC2' validation OK
[2025-12-13 14:58:30][DEBUG] Validation complete: PC2
[2025-12-13 14:58:30][INFO] Validating device: PC3
[2025-12-13 14:58:30][DEBUG] Validating host: PC3
[2025-12-13 14:58:30][INFO] Host 'PC3' validation OK
[2025-12-13 14:58:30][DEBUG] Validation complete: PC3
[2025-12-13 14:58:30][INFO] Validating device: PC4
[2025-12-13 14:58:30][DEBUG] Validating host: PC4
[2025-12-13 14:58:30][INFO] Host 'PC4' validation OK
[2025-12-13 14:58:30][DEBUG] Validation complete: PC4
[2025-12-13 14:58:30][INFO] Validating device: PC5
[2025-12-13 14:58:30][DEBUG] Validating host: PC5
[2025-12-13 14:58:30][INFO] Host 'PC5' validation OK
[2025-12-13 14:58:30][DEBUG] Validation complete: PC5
[2025-12-13 14:58:30][INFO] All devices passed validation
[2025-12-13 14:58:30][INFO] Starting deployment for R1
[2025-12-13 14:58:30][DEBUG] Building router commands for R1
[2025-12-13 14:58:30][WARN] OSPF network entry missing fields on R1: 
Name                           Value
----                           -----
Network                        10.0.0.0
Area                           0


[2025-12-13 14:58:30][WARN] OSPF network entry missing fields on R1: 
Name                           Value
----                           -----
Network                        192.168.100.0
Area                           0


[2025-12-13 14:58:30][INFO] Attempt 1: Connecting to 192.168.1.1 via SSH...
[2025-12-13 14:58:30][ERROR] SSH connection error for 192.168.1.1: The term 'New-SSHSession' is not recognized as a name of a cmdlet, function, script file, or executable program.
Check the spelling of the name, or if a path was included, verify that the path is correct and try again.
[2025-12-13 14:58:32][INFO] Attempt 2: Connecting to 192.168.1.1 via SSH...
[2025-12-13 14:58:32][ERROR] SSH connection error for 192.168.1.1: The term 'New-SSHSession' is not recognized as a name of a cmdlet, function, script file, or executable program.
Check the spelling of the name, or if a path was included, verify that the path is correct and try again.
[2025-12-13 14:58:34][INFO] Attempt 3: Connecting to 192.168.1.1 via SSH...
[2025-12-13 14:58:34][ERROR] SSH connection error for 192.168.1.1: The term 'New-SSHSession' is not recognized as a name of a cmdlet, function, script file, or executable program.
Check the spelling of the name, or if a path was included, verify that the path is correct and try again.
[2025-12-13 14:58:36][ERROR] All SSH connection attempts failed for 192.168.1.1
[2025-12-13 14:58:36][WARN] Skipping R1 due to connection failure
[2025-12-13 14:58:36][INFO] Starting deployment for R2
[2025-12-13 14:58:36][DEBUG] Building router commands for R2
[2025-12-13 14:58:36][WARN] OSPF network entry missing fields on R2: 
Name                           Value
----                           -----
Network                        10.0.1.0
Area                           0


[2025-12-13 14:58:36][WARN] OSPF network entry missing fields on R2: 
Name                           Value
----                           -----
Network                        192.168.100.0
Area                           0


[2025-12-13 14:58:36][INFO] Attempt 1: Connecting to 192.168.1.2 via SSH...
[2025-12-13 14:58:41][WARN] Host 192.168.1.2 is unreachable. Skipping...
[2025-12-13 14:58:41][WARN] Skipping R2 due to connection failure
[2025-12-13 14:58:41][INFO] Starting deployment for S1
[2025-12-13 14:58:41][DEBUG] Building switch commands for S1
[2025-12-13 14:58:41][INFO] Attempt 1: Connecting to 192.168.1.11 via SSH...
[2025-12-13 14:58:46][WARN] Host 192.168.1.11 is unreachable. Skipping...
[2025-12-13 14:58:46][WARN] Skipping S1 due to connection failure
[2025-12-13 14:58:46][INFO] Starting deployment for S2
[2025-12-13 14:58:46][DEBUG] Building switch commands for S2
[2025-12-13 14:58:46][INFO] Attempt 1: Connecting to 192.168.1.12 via SSH...
[2025-12-13 14:58:51][WARN] Host 192.168.1.12 is unreachable. Skipping...
[2025-12-13 14:58:51][WARN] Skipping S2 due to connection failure
[2025-12-13 14:58:51][INFO] Starting deployment for S3
[2025-12-13 14:58:51][DEBUG] Building switch commands for S3
[2025-12-13 14:58:51][INFO] Attempt 1: Connecting to 192.168.1.13 via SSH...
[2025-12-13 14:58:56][WARN] Host 192.168.1.13 is unreachable. Skipping...
[2025-12-13 14:58:56][WARN] Skipping S3 due to connection failure
[2025-12-13 14:58:56][INFO] Starting deployment for PC1
[2025-12-13 14:58:56][DEBUG] Building host provisioning template for PC1
[2025-12-13 14:58:56][INFO] Attempt 1: Connecting to 10.0.0.10 via SSH...
[2025-12-13 14:59:01][WARN] Host 10.0.0.10 is unreachable. Skipping...
[2025-12-13 14:59:01][WARN] Skipping PC1 due to connection failure
[2025-12-13 14:59:01][INFO] Starting deployment for PC2
[2025-12-13 14:59:01][DEBUG] Building host provisioning template for PC2
[2025-12-13 14:59:01][INFO] Attempt 1: Connecting to 10.0.0.11 via SSH...
[2025-12-13 14:59:06][WARN] Host 10.0.0.11 is unreachable. Skipping...
[2025-12-13 14:59:06][WARN] Skipping PC2 due to connection failure
[2025-12-13 14:59:06][INFO] Starting deployment for PC3
[2025-12-13 14:59:06][DEBUG] Building host provisioning template for PC3
[2025-12-13 14:59:06][INFO] Attempt 1: Connecting to 10.0.0.12 via SSH...
[2025-12-13 14:59:11][WARN] Host 10.0.0.12 is unreachable. Skipping...
[2025-12-13 14:59:11][WARN] Skipping PC3 due to connection failure
[2025-12-13 14:59:11][INFO] Starting deployment for PC4
[2025-12-13 14:59:11][DEBUG] Building host provisioning template for PC4
[2025-12-13 14:59:11][INFO] Attempt 1: Connecting to 10.0.1.10 via SSH...
[2025-12-13 14:59:16][WARN] Host 10.0.1.10 is unreachable. Skipping...
[2025-12-13 14:59:16][WARN] Skipping PC4 due to connection failure
[2025-12-13 14:59:16][INFO] Starting deployment for PC5
[2025-12-13 14:59:16][DEBUG] Building host provisioning template for PC5
[2025-12-13 14:59:16][INFO] Attempt 1: Connecting to 10.0.1.11 via SSH...
[2025-12-13 14:59:21][WARN] Host 10.0.1.11 is unreachable. Skipping...
[2025-12-13 14:59:21][WARN] Skipping PC5 due to connection failure
[2025-12-13 15:23:14][INFO] Backing up running-config for R1
[2025-12-13 15:23:14][INFO] DRY-RUN: would save backup to /Users/nilskelecom/Documents/NetDeploy/logs/backups/R1-20251213-152314.cfg
[2025-12-13 15:23:36][INFO] Loading device files from /Users/nilskelecom/Documents/NetDeploy/configs/devices
[2025-12-13 15:23:36][INFO] Loading device configuration: /Users/nilskelecom/Documents/NetDeploy/configs/devices/PC1.psd1
[2025-12-13 15:23:36][INFO] Loading device configuration: /Users/nilskelecom/Documents/NetDeploy/configs/devices/PC2.psd1
[2025-12-13 15:23:36][INFO] Loading device configuration: /Users/nilskelecom/Documents/NetDeploy/configs/devices/PC3.psd1
[2025-12-13 15:23:36][INFO] Loading device configuration: /Users/nilskelecom/Documents/NetDeploy/configs/devices/PC4.psd1
[2025-12-13 15:23:36][INFO] Loading device configuration: /Users/nilskelecom/Documents/NetDeploy/configs/devices/PC5.psd1
[2025-12-13 15:23:36][INFO] Loading device configuration: /Users/nilskelecom/Documents/NetDeploy/configs/devices/R1.psd1
[2025-12-13 15:23:36][INFO] Loading device configuration: /Users/nilskelecom/Documents/NetDeploy/configs/devices/R2.psd1
[2025-12-13 15:23:36][INFO] Loading device configuration: /Users/nilskelecom/Documents/NetDeploy/configs/devices/S1.psd1
[2025-12-13 15:23:36][INFO] Loading device configuration: /Users/nilskelecom/Documents/NetDeploy/configs/devices/S2.psd1
[2025-12-13 15:23:36][INFO] Loading device configuration: /Users/nilskelecom/Documents/NetDeploy/configs/devices/S3.psd1
[2025-12-13 15:23:36][INFO] Loaded 10 device configurations
[2025-12-13 15:23:37][INFO] Backing up running-config for R1
[2025-12-13 15:23:37][INFO] DRY-RUN: would save backup to /Users/nilskelecom/Documents/NetDeploy/logs/backups/R1-20251213-152337.cfg
